// Jest Snapshot v1, https://goo.gl/fbAQLP

exports[`NotFoundPage component renders the complete error message 1`] = `
<Section
  className="NotFoundPage"
>
  <h2
    className="error_title"
  >
    Four-Oh-Four Error - Uh oh!
  </h2>
  <p
    className="error_text"
  >
    I don't think this was supposed to happen. Please check your URL and try again
  </p>
</Section>
`;
